// Jest Snapshot v1, https://goo.gl/fbAQLP

exports[`Button should be possible to activate button with Spacebar 1`] = `ReactWrapper {}`;

exports[`Button should render button with given props 1`] = `ShallowWrapper {}`;

exports[`Button should render correctly 1`] = `ShallowWrapper {}`;
